// Jest Snapshot v1, https://goo.gl/fbAQLP

exports[`check field generator 1`] = `
"query user($user_context_user_details_region_language: String, $user_details_region_language: String, $id: Int!){
    user(id: $id){
        id
        username
        email
        createdAt
        context{
            user{
                id
                username
                email
                createdAt
                details{
                    ... on Guest {
                        region(language: $user_context_user_details_region_language)
                    }
                    ... on Member {
                        address
                    }
                }
            }
            domain
        }
        details{
            ... on Guest {
                region(language: $user_details_region_language)
            }
            ... on Member {
                address
            }
        }
    }
}"
`;

exports[`check field generator with skeleton 1`] = `
"query user($id: Int!){
    user(id: $id){
        email
    }
}"
`;
